../Core/Src/main.c:81:6:DWT_Init	1
../Core/Src/main.c:88:6:Servo_startup	3
../Core/Src/main.c:101:6:Servo_SetAngle	2
../Core/Src/main.c:119:6:delay_us	2
../Core/Src/main.c:131:7:misura	5
../Core/Src/main.c:159:6:ricerca	3
../Core/Src/main.c:178:6:config_mot	1
../Core/Src/main.c:205:13:mot_dir_ASX	1
../Core/Src/main.c:209:13:mot_dir_PDX	1
../Core/Src/main.c:213:13:mot_dir_ADX	1
../Core/Src/main.c:217:13:mot_dir_PSX	1
../Core/Src/main.c:222:13:mot_dir_lato_sinistro	1
../Core/Src/main.c:223:13:mot_dir_lato_destro	1
../Core/Src/main.c:225:6:set_mot_reverse	1
../Core/Src/main.c:230:6:set_mot_drive	1
../Core/Src/main.c:234:6:mot_on_speed	1
../Core/Src/main.c:247:6:mot_stop	1
../Core/Src/main.c:262:6:mot_on	1
../Core/Src/main.c:285:6:mot_test	1
../Core/Src/main.c:291:6:sonar_test	3
../Core/Src/main.c:299:6:mot_turn	3
../Core/Src/main.c:314:6:set_mot_spin_destra	1
../Core/Src/main.c:320:6:set_mot_spin_sinistra	1
../Core/Src/main.c:332:6:set_mot_curva_destra	1
../Core/Src/main.c:341:6:set_mot_curva_sinistra	1
../Core/Src/main.c:349:6:set_mot_speed_individual	1
../Core/Src/main.c:366:7:scan_direction	4
../Core/Src/main.c:398:6:path_finding	2
../Core/Src/main.c:447:5:main	3
../Core/Src/main.c:548:6:SystemClock_Config	4
../Core/Src/main.c:593:13:MX_TIM2_Init	7
../Core/Src/main.c:656:13:MX_TIM3_Init	8
../Core/Src/main.c:723:13:MX_GPIO_Init	1
../Core/Src/main.c:787:6:Error_Handler	1
