../Core/Src/main.c:81:6:DWT_Init	4	static
../Core/Src/main.c:88:6:Servo_startup	16	static
../Core/Src/main.c:101:6:Servo_SetAngle	24	static
../Core/Src/main.c:119:6:delay_us	24	static
../Core/Src/main.c:131:7:misura	32	static
../Core/Src/main.c:159:6:ricerca	24	static
../Core/Src/main.c:178:6:config_mot	8	static
../Core/Src/main.c:205:13:mot_dir_ASX	16	static
../Core/Src/main.c:209:13:mot_dir_PDX	16	static
../Core/Src/main.c:213:13:mot_dir_ADX	16	static
../Core/Src/main.c:217:13:mot_dir_PSX	16	static
../Core/Src/main.c:222:13:mot_dir_lato_sinistro	16	static
../Core/Src/main.c:223:13:mot_dir_lato_destro	16	static
../Core/Src/main.c:225:6:set_mot_reverse	8	static
../Core/Src/main.c:230:6:set_mot_drive	8	static
../Core/Src/main.c:234:6:mot_on_speed	16	static
../Core/Src/main.c:247:6:mot_stop	8	static
../Core/Src/main.c:262:6:mot_on	8	static
../Core/Src/main.c:285:6:mot_test	8	static
../Core/Src/main.c:291:6:sonar_test	24	static
../Core/Src/main.c:299:6:mot_turn	16	static
../Core/Src/main.c:314:6:set_mot_spin_destra	16	static
../Core/Src/main.c:320:6:set_mot_spin_sinistra	16	static
../Core/Src/main.c:332:6:set_mot_curva_destra	8	static
../Core/Src/main.c:341:6:set_mot_curva_sinistra	8	static
../Core/Src/main.c:349:6:set_mot_speed_individual	16	static
../Core/Src/main.c:366:7:scan_direction	32	static
../Core/Src/main.c:398:6:path_finding	16	static
../Core/Src/main.c:447:5:main	8	static
../Core/Src/main.c:548:6:SystemClock_Config	96	static
../Core/Src/main.c:593:13:MX_TIM2_Init	64	static
../Core/Src/main.c:656:13:MX_TIM3_Init	64	static
../Core/Src/main.c:723:13:MX_GPIO_Init	40	static
../Core/Src/main.c:787:6:Error_Handler	4	static,ignoring_inline_asm
